VCCVCCCVCVCVCVCCVVVVCVCCVC
CCCVCVVVCCCCCCCCVVVVCVVCCC
CCVVCCCVVCVVVCCCCVCCCCVVVV
VVCVCVCCVCVCCVCCVVCCCVVVCV
CVVVCCCVCVCCCVVCCCVVVCCCVV
VCCVCVCCCVVVCCCVVVVVCVCVVV
CVCVVVVVCCCVVVCCVVVVVCVCVC
VCCVVVVVVCVCVVCVCVCCVVVCVV
VVVCCCVVCCCCVCVVVCCCVCVCCC
CVVVCVCCCCCCCCVVCCCCVCCCCC
VVCCVVCCVVCCVCCVCVVVVVVCCC
VCVVVCCCCCVCCCCCCVCCVVCVVC
VVVCCVVVVVCCCCCCCVCVCCVVCV
CCVVCVVVCCVVVCCCVVCVCCVVVV
CVCCCVVCCVCCCVCCCCCVVVVVVC
VCVCVVVVCCVVVVVCCVVCCVCVVC
VVVVCVCVCVCCCVVVCCCCVVCVVC
CCVCVCCVVVCVVCCVVVCVVVCVVV
VVCCCCCVCCVVVCVCVCCCCVCVCV
VCCCVVVCCVCVVVVVVVVCCVCCCC
CCVVCCCCCCCVVCVVCVVCCVVCCV
CCCCCCVVVVVCCCVVCVVVVCCCCV
CVCVVCVCCCVCVVCVVVCCCVCVCV
CCVCVCVVVCCCVCVVCVVCVVCVCV
CVCVCCVCVVCVVVCCVVCCCVVVVV
CCVCVCCVVVVVCCVVCVCVVCCVVC
VVCVVCVCCCVCVCVVCCVVCVCCVC
VVVCVVVVVVVVCVVCCVVVVVCCVV
VVCVVCCVCCVVVVVCCVCCVCCVCV
VVVCCCVCVCVVCCCCVVVCCVVCCC
CVVCVCCCCCCCVCCCVCVVCCCVCV
CVVVVCCVVCVCCCCCCCVVVCCVCV
VVVVVCVVCVVCVCVCCCCVVVCCCV
VVCCCCVCVCVVCVCCCVCVCCCVCV
VVCVVVCCCVVCVVVVCVCVVVVVVV
VVCCVCCCCVVCVCCCVCVCVCVCCV
VVVVCCCCCVCVCVVVVCCCVCCVCV
VVVCVVCCCVCVVVCVVVVCVVCCCC
CVCVVCCCCCVCVCCVVVVCCVCVCC
CVVCVVCCVCCCVCVCVVCVCCCCCC
CCVCCVCVVVCCCCCVVVCCVCVVVV
VCCCCCCCCCCCCCVCVCVCVVVCCV
CCVVCVCVVCCCCCVVCCVVVVVCVC
VVCCVVVVCCVVCVVVCVVCCCCCVV
CCVCCVCVCVVCCVCVCCVCVVCVVC
CVVCVVCCVVCVCVCVVCCCCCVVCC
CVCCCCVVCCVVCVCVVVVVCVCVCV
CCCCVVVVCVCCCCCCCVVVVCVCVV
VCCCVCCVVCCVCVCVVCVCCCCVVC
VCCCVCCCCCVCVCCVVVCCVCCCVC
VVCCCVVVCVVCCVCCVVCVVCCVCC
CCVVCVCCVVVCVVCVVCVVVCCVVV
VVCCVVVCCCCVVCCCVVVCCVVCCV
CCVVCVCVVVVCCCVVVVVVVVCVVC
VVVCVVCVCCCVCCVVVCVCCVCVVV
VCVCCCVVVVVVCVCCVVVVVCCCVV
VVCCCVVVVVCVVVVVCCCVCCCCVV
VCCCVCVCCCCVVCCVVCCVVCVCCC
VVCCCVCCCCCVCVCCCCVVCVCCCV
VCVVCVCCVVCVVCCVVVVVVVCVVC
CVVCCVVCVCVVCCCCCCVVCCCVVV
CCCCCVCCVCCCVCVCVCCCVVCVVC
CVCCCCVCVCCVCCVCVCVVVVVVCC
VVVCCCCVVVVVVCCVCVVVVVVCCV
CVCCVVCVVVCCCCVVCCVVCCVVVV
VVVVVVCVVCCCCCCCCCCVVCCVCV
CVVVCCVCCVVCVVVVCVCCVVVVCC
VCVCVCCVVVVVCVVVVVCVVVCCVV
VVVVCCCCCVCCCVCVVCCVVCVVCV
VVCCCVVVVVVCVVVVVCCCVCVCVV
VVCCVCVCCCCCVCVCVCVCVCCVVC
VCVVVCCVVVCCCCVVVCVVCVVVCV
CCVCVCCVVCVCCVVVCCCCVCVCCV
CCCCVCCCCCVVCVVVVVCVVVVCVC
CCCCCCCVCVVCCVVCCCVCVCVCVC
VCCVVVCCCVCVVVCVVCVCVVVVVV
VCCVCVCCCVVVCCCCCCVVVVCCCC
CVCCCVCVVCVCCCVCCVCCVCCVCV
VCCVVVCVVVCCVVVVVVVCVVVVCC
VVCVVVCCCVCVVVCCCCCVVCVVCC
VCVCCCVVVVCVVCCVVCVVVVCCCC
VVVVCVCCVCVCCVVVVVVVCCVCCC
CVVVVCVVVVVVCVCVVVVVCVVVVV
VVCVCCCCCCVVVCCVVVVVVVVCVC
VCVVVCCCVVVVVVVVCVCVCCCVCV
VCVCVVVVVVVCCCVVVCVCCVCCVC
VCVVCCVCVCVCCVCCVCVCVCVCCV
CVCVCCCVCVCVCCCVCVVVVCVVCV
VVCVVVVVCVCVVVCVCCCVCCCVVC
VCCVVCVVCVVCCVCVCVCCVVCCVC
CVCCVCCCVVVVVCVVCVCCCCVCVC
CVCCCVVCCCVCVVVCVVCCCVVVCC
CCVVVVVCVCVCVCCCCCVCVVVVCV
CVCVCCCCCCCVCCCCVCVCVVVCCV
CCVVCVVCCCCVCVVVVCVVCVVCCC
VCVCVVVVCCCCVCVCCVVCCCVVCC
CCCCCCCCCCCVVVVCCVCCCVVVCV
VCVVVCCVVVCCVVCCVCCCCCCCVC
VVCVCVCCCVVVVCVCCVCCCCVCCC
VVVCCCVVCVCVVVCVCCCVVCVCVC
